19/09 23:53:26  CARRINHO ONLINE
19/09 23:59:30  acao=s velocidade=228
20/09 00:02:06  acao=e velocidade=228
20/09 00:03:06  acao=f velocidade=228
20/09 00:03:37  acao=t velocidade=228
20/09 00:04:07  acao=s velocidade=228
20/09 00:04:37  acao=s velocidade=200
20/09 00:05:11  acao=f velocidade=245
20/09 00:06:12  acao=s velocidade=245
20/09 00:06:42  carrinho OFFLINE
20/09 00:08:57  CARRINHO ONLINE
20/09 00:09:27  carrinho OFFLINE
20/09 00:10:03  CARRINHO ONLINE
20/09 00:10:37  acao=t velocidade=200
20/09 00:11:07  carrinho OFFLINE
20/09 00:11:43  CARRINHO ONLINE
20/09 00:13:17  carrinho OFFLINE
20/09 00:13:50  CARRINHO ONLINE
20/09 00:18:55  carrinho OFFLINE
20/09 00:19:31  CARRINHO ONLINE
20/09 00:21:01  carrinho OFFLINE
20/09 00:21:37  CARRINHO ONLINE
20/09 00:28:43  carrinho OFFLINE
20/09 00:29:17  CARRINHO ONLINE
20/09 00:29:47  carrinho OFFLINE
20/09 00:30:59  CARRINHO ONLINE
20/09 00:39:43  carrinho OFFLINE
20/09 00:40:19  CARRINHO ONLINE
20/09 10:28:45  carrinho OFFLINE
20/09 10:29:21  CARRINHO ONLINE
20/09 10:29:52  acao=e velocidade=255
20/09 10:30:22  acao=f velocidade=181
20/09 10:30:55  carrinho OFFLINE
20/09 10:34:16  CARRINHO ONLINE
20/09 10:34:48  acao=s velocidade=127
20/09 10:35:18  acao=s velocidade=70
20/09 10:35:51  acao=f velocidade=181
20/09 10:36:21  acao=s velocidade=139
20/09 10:36:51  acao=f velocidade=255
20/09 10:37:51  acao=s velocidade=172
20/09 10:38:21  acao=e velocidade=133
20/09 10:38:51  acao=s velocidade=255
20/09 10:39:21  acao=s velocidade=118
20/09 10:39:51  acao=t velocidade=247
20/09 10:40:23  acao=f velocidade=189
20/09 10:40:53  acao=f velocidade=255
20/09 10:41:23  acao=s velocidade=255
20/09 10:41:54  acao=f velocidade=183
20/09 10:42:24  acao=s velocidade=255
